// Jest Snapshot v1, https://goo.gl/fbAQLP

exports[`BookDetail component BookDetail snapshot 1`] = `
<Styled(WithStyles(ForwardRef(Paper)))
  component="article"
/>
`;
